// Jest Snapshot v1, https://goo.gl/fbAQLP

exports[`WeatherItem Tests should match Snapshot 1`] = `
<div
  className="weatherItem_container"
>
  <p>
    100
     Â°
  </p>
</div>
`;
